================
IDX V ** ADDR **
000 0 
001 0 
002 1 0x00032E21
003 0 
================
IDX V ** ADDR **
000 1 0x0001AF22
001 0 
002 1 0x00032E21
003 0 

#hits: 0
#miss: 2